  console.log
    [dotenv@17.2.3] injecting env (12) from .env -- tip: ≡ƒæÑ sync secrets across teammates & machines: https://dotenvx.com/ops

      at _log (node_modules/dotenv/lib/main.js:142:11)

  console.log
    Admin API routes mounted at /api/admin

      at Object.<anonymous> (src/app.ts:37:9)

  console.error
    HttpError: No available tables for the requested time
        at C:\Users\shahb\myApplications\Reservation\src\routes\reservations.ts:196:17
        at processTicksAndRejections (node:internal/process/task_queues:105:5) {
      statusCode: 409
    }

    [0m [90m 17 |[39m   _next[33m:[39m [33mNextFunction[39m
     [90m 18 |[39m ) [33m=>[39m {
    [31m[1m>[22m[39m[90m 19 |[39m   console[33m.[39merror(err)[33m;[39m [90m// Log everything for debugging[39m
     [90m    |[39m           [31m[1m^[22m[39m
     [90m 20 |[39m
     [90m 21 |[39m   [36mif[39m (err [36minstanceof[39m [33mZodError[39m) {
     [90m 22 |[39m     res[33m.[39mstatus([35m400[39m)[33m.[39mjson({ error[33m:[39m [32m"Validation error"[39m[33m,[39m details[33m:[39m err[33m.[39missues })[33m;[39m[0m

      at errorHandler (src/middleware/errorHandler.ts:19:11)
      at Layer.handleError (node_modules/router/lib/layer.js:116:17)
      at trimPrefix (node_modules/router/index.js:340:13)
      at node_modules/router/index.js:297:9
      at processParams (node_modules/router/index.js:582:12)
      at next (node_modules/router/index.js:291:5)
      at node_modules/router/index.js:688:15
      at next (node_modules/router/index.js:276:14)
      at next (node_modules/router/lib/route.js:132:14)

node.exe : PASS tests/api.re
servations.test.ts (7.612 s)
At C:\Program 
Files\nodejs\npx.ps1:29 
char:3
+   & $NODE_EXE $NPX_CLI_JS 
$args
+   ~~~~~~~~~~~~~~~~~~~~~~~~
~~~~~
    + CategoryInfo          
    : NotSpecified: (PASS   
  tests/api....st.ts (7.6   
 12 s):String) [], Remot    
eException
    + FullyQualifiedErrorId 
    : NativeCommandError
 
  POST /reservations
    ΓêÜ creates a 
reservation and returns 
table assignment (81 ms)
    ΓêÜ returns 409 when no 
tables available (18 ms)

Test Suites: 1 passed, 1 
total
Tests:       2 passed, 2 
total
Snapshots:   0 total
Time:        8.086 s, 
estimated 34 s
Ran all test suites 
matching tests/api.reservati
ons.test.ts.
